// Jest Snapshot v1, https://goo.gl/fbAQLP

exports[`renders the PetCategories correctly 1`] = `
<div>
  <div
    class="container"
  >
    <div
      class="flex"
    >
      <img
        alt=""
        class="image"
        src="dogs.jpg"
      />
      <p
        class="text"
      >
        <a
          class="text"
          href="/dogs"
        >
          Dogs
        </a>
      </p>
    </div>
    <div
      class="flex"
    >
      <img
        alt=""
        class="image"
        src="cats.jpg"
      />
      <p
        class="text"
      >
        <a
          class="text"
          href="/cats"
        >
          Cats
        </a>
      </p>
    </div>
    <div
      class="flex"
    >
      <img
        alt=""
        class="image"
        src="rabbits.jpg"
      />
      <p
        class="text"
      >
        <a
          class="text"
          href="/rabbits"
        >
          Rabbits
        </a>
      </p>
    </div>
    <div
      class="flex"
    >
      <img
        alt=""
        class="image"
        src="birds.jpg"
      />
      <p
        class="text"
      >
        <a
          class="text"
          href="/birds"
        >
          Birds
        </a>
      </p>
    </div>
    <div
      class="flex"
    >
      <img
        alt=""
        class="image"
        src="others.jpg"
      />
      <p
        class="text"
      >
        <a
          class="text"
          href="/others"
        >
          Other Pets
        </a>
      </p>
    </div>
  </div>
</div>
`;
