// Jest Snapshot v1, https://goo.gl/fbAQLP

exports[`renders the PetItem correctly 1`] = `
<div>
  <div
    class="petItem"
  >
    <p
      class="text"
    >
      Russell
    </p>
    <div>
      <img
        alt=""
        class="image"
        src="https://dl5zpyw5k3jeb.cloudfront.net/photos/pets/50829956/1/?bust=1619138292&width=1080"
      />
    </div>
    <p
      class="text"
    >
      Price: 
      $300
    </p>
  </div>
</div>
`;
